Archive member included to satisfy reference by file (symbol)

c:/ac6/systemworkbench/plugins/fr.ac6.mcu.externaltools.arm-none.win32_1.15.0.201708311556/tools/compiler/bin/../lib/gcc/arm-none-eabi/6.3.1/thumb/v7e-m/fpv5-sp/hard\libgcc.a(_aeabi_uldivmod.o)
                              Drivers/STM32F7xx_HAL_Driver/Src/stm32f7xx_hal_rcc.o (__aeabi_uldivmod)
c:/ac6/systemworkbench/plugins/fr.ac6.mcu.externaltools.arm-none.win32_1.15.0.201708311556/tools/compiler/bin/../lib/gcc/arm-none-eabi/6.3.1/thumb/v7e-m/fpv5-sp/hard\libgcc.a(_udivmoddi4.o)
                              c:/ac6/systemworkbench/plugins/fr.ac6.mcu.externaltools.arm-none.win32_1.15.0.201708311556/tools/compiler/bin/../lib/gcc/arm-none-eabi/6.3.1/thumb/v7e-m/fpv5-sp/hard\libgcc.a(_aeabi_uldivmod.o) (__udivmoddi4)
c:/ac6/systemworkbench/plugins/fr.ac6.mcu.externaltools.arm-none.win32_1.15.0.201708311556/tools/compiler/bin/../lib/gcc/arm-none-eabi/6.3.1/thumb/v7e-m/fpv5-sp/hard\libgcc.a(_dvmd_tls.o)
                              c:/ac6/systemworkbench/plugins/fr.ac6.mcu.externaltools.arm-none.win32_1.15.0.201708311556/tools/compiler/bin/../lib/gcc/arm-none-eabi/6.3.1/thumb/v7e-m/fpv5-sp/hard\libgcc.a(_aeabi_uldivmod.o) (__aeabi_ldiv0)
c:/ac6/systemworkbench/plugins/fr.ac6.mcu.externaltools.arm-none.win32_1.15.0.201708311556/tools/compiler/bin/../lib/gcc/arm-none-eabi/6.3.1/../../../../arm-none-eabi/lib/thumb/v7e-m/fpv5-sp/hard\libc_nano.a(lib_a-exit.o)
                              c:/ac6/systemworkbench/plugins/fr.ac6.mcu.externaltools.arm-none.win32_1.15.0.201708311556/tools/compiler/bin/../lib/gcc/arm-none-eabi/6.3.1/../../../../arm-none-eabi/lib/thumb/v7e-m/fpv5-sp/hard/crt0.o (exit)
c:/ac6/systemworkbench/plugins/fr.ac6.mcu.externaltools.arm-none.win32_1.15.0.201708311556/tools/compiler/bin/../lib/gcc/arm-none-eabi/6.3.1/../../../../arm-none-eabi/lib/thumb/v7e-m/fpv5-sp/hard\libc_nano.a(lib_a-impure.o)
                              c:/ac6/systemworkbench/plugins/fr.ac6.mcu.externaltools.arm-none.win32_1.15.0.201708311556/tools/compiler/bin/../lib/gcc/arm-none-eabi/6.3.1/../../../../arm-none-eabi/lib/thumb/v7e-m/fpv5-sp/hard\libc_nano.a(lib_a-exit.o) (_global_impure_ptr)
c:/ac6/systemworkbench/plugins/fr.ac6.mcu.externaltools.arm-none.win32_1.15.0.201708311556/tools/compiler/bin/../lib/gcc/arm-none-eabi/6.3.1/../../../../arm-none-eabi/lib/thumb/v7e-m/fpv5-sp/hard\libc_nano.a(lib_a-init.o)
                              c:/ac6/systemworkbench/plugins/fr.ac6.mcu.externaltools.arm-none.win32_1.15.0.201708311556/tools/compiler/bin/../lib/gcc/arm-none-eabi/6.3.1/../../../../arm-none-eabi/lib/thumb/v7e-m/fpv5-sp/hard/crt0.o (__libc_init_array)
c:/ac6/systemworkbench/plugins/fr.ac6.mcu.externaltools.arm-none.win32_1.15.0.201708311556/tools/compiler/bin/../lib/gcc/arm-none-eabi/6.3.1/../../../../arm-none-eabi/lib/thumb/v7e-m/fpv5-sp/hard\libc_nano.a(lib_a-memcpy-stub.o)
                              Src/usart.o (memcpy)
c:/ac6/systemworkbench/plugins/fr.ac6.mcu.externaltools.arm-none.win32_1.15.0.201708311556/tools/compiler/bin/../lib/gcc/arm-none-eabi/6.3.1/../../../../arm-none-eabi/lib/thumb/v7e-m/fpv5-sp/hard\libc_nano.a(lib_a-memset.o)
                              c:/ac6/systemworkbench/plugins/fr.ac6.mcu.externaltools.arm-none.win32_1.15.0.201708311556/tools/compiler/bin/../lib/gcc/arm-none-eabi/6.3.1/../../../../arm-none-eabi/lib/thumb/v7e-m/fpv5-sp/hard/crt0.o (memset)
c:/ac6/systemworkbench/plugins/fr.ac6.mcu.externaltools.arm-none.win32_1.15.0.201708311556/tools/compiler/bin/../lib/gcc/arm-none-eabi/6.3.1/../../../../arm-none-eabi/lib/thumb/v7e-m/fpv5-sp/hard\libc_nano.a(lib_a-vsnprintf.o)
                              Src/usart.o (vsnprintf)
c:/ac6/systemworkbench/plugins/fr.ac6.mcu.externaltools.arm-none.win32_1.15.0.201708311556/tools/compiler/bin/../lib/gcc/arm-none-eabi/6.3.1/../../../../arm-none-eabi/lib/thumb/v7e-m/fpv5-sp/hard\libc_nano.a(lib_a-nano-svfprintf.o)
                              c:/ac6/systemworkbench/plugins/fr.ac6.mcu.externaltools.arm-none.win32_1.15.0.201708311556/tools/compiler/bin/../lib/gcc/arm-none-eabi/6.3.1/../../../../arm-none-eabi/lib/thumb/v7e-m/fpv5-sp/hard\libc_nano.a(lib_a-vsnprintf.o) (_svfprintf_r)
c:/ac6/systemworkbench/plugins/fr.ac6.mcu.externaltools.arm-none.win32_1.15.0.201708311556/tools/compiler/bin/../lib/gcc/arm-none-eabi/6.3.1/../../../../arm-none-eabi/lib/thumb/v7e-m/fpv5-sp/hard\libc_nano.a(lib_a-nano-vfprintf_i.o)
                              c:/ac6/systemworkbench/plugins/fr.ac6.mcu.externaltools.arm-none.win32_1.15.0.201708311556/tools/compiler/bin/../lib/gcc/arm-none-eabi/6.3.1/../../../../arm-none-eabi/lib/thumb/v7e-m/fpv5-sp/hard\libc_nano.a(lib_a-nano-svfprintf.o) (_printf_i)
c:/ac6/systemworkbench/plugins/fr.ac6.mcu.externaltools.arm-none.win32_1.15.0.201708311556/tools/compiler/bin/../lib/gcc/arm-none-eabi/6.3.1/../../../../arm-none-eabi/lib/thumb/v7e-m/fpv5-sp/hard\libc_nano.a(lib_a-memchr.o)
[...]
Memory Configuration

Name             Origin             Length             Attributes
RAM              0x20000000         0x00050000         xrw
FLASH            0x08000000         0x00100000         xr
*default*        0x00000000         0xffffffff

Linker script and memory map

LOAD c:/ac6/systemworkbench/plugins/fr.ac6.mcu.externaltools.arm-none.win32_1.15.0.201708311556/tools/compiler/bin/../lib/gcc/arm-none-eabi/6.3.1/thumb/v7e-m/fpv5-sp/hard/crti.o
LOAD c:/ac6/systemworkbench/plugins/fr.ac6.mcu.externaltools.arm-none.win32_1.15.0.201708311556/tools/compiler/bin/../lib/gcc/arm-none-eabi/6.3.1/thumb/v7e-m/fpv5-sp/hard/crtbegin.o
LOAD c:/ac6/systemworkbench/plugins/fr.ac6.mcu.externaltools.arm-none.win32_1.15.0.201708311556/tools/compiler/bin/../lib/gcc/arm-none-eabi/6.3.1/../../../../arm-none-eabi/lib/thumb/v7e-m/fpv5-sp/hard/crt0.o
LOAD Drivers/STM32F7xx_HAL_Driver/Src/stm32f7xx_hal.o
LOAD Drivers/STM32F7xx_HAL_Driver/Src/stm32f7xx_hal_cortex.o
LOAD Drivers/STM32F7xx_HAL_Driver/Src/stm32f7xx_hal_dma.o
LOAD Drivers/STM32F7xx_HAL_Driver/Src/stm32f7xx_hal_dma_ex.o
LOAD Drivers/STM32F7xx_HAL_Driver/Src/stm32f7xx_hal_flash.o
LOAD Drivers/STM32F7xx_HAL_Driver/Src/stm32f7xx_hal_flash_ex.o
LOAD Drivers/STM32F7xx_HAL_Driver/Src/stm32f7xx_hal_gpio.o
LOAD Drivers/STM32F7xx_HAL_Driver/Src/stm32f7xx_hal_i2c.o
LOAD Drivers/STM32F7xx_HAL_Driver/Src/stm32f7xx_hal_i2c_ex.o
LOAD Drivers/STM32F7xx_HAL_Driver/Src/stm32f7xx_hal_pwr.o
LOAD Drivers/STM32F7xx_HAL_Driver/Src/stm32f7xx_hal_pwr_ex.o
LOAD Drivers/STM32F7xx_HAL_Driver/Src/stm32f7xx_hal_rcc.o
LOAD Drivers/STM32F7xx_HAL_Driver/Src/stm32f7xx_hal_rcc_ex.o
LOAD Drivers/STM32F7xx_HAL_Driver/Src/stm32f7xx_hal_tim.o
LOAD Drivers/STM32F7xx_HAL_Driver/Src/stm32f7xx_hal_tim_ex.o
LOAD Drivers/STM32F7xx_HAL_Driver/Src/stm32f7xx_hal_uart.o
LOAD Src/gpio.o
LOAD Src/main.o
LOAD Src/stm32f7xx_hal_msp.o
LOAD Src/stm32f7xx_it.o
LOAD Src/system_stm32f7xx.o
LOAD Src/usart.o
LOAD startup/startup_stm32f746xx.o
LOAD c:/ac6/systemworkbench/plugins/fr.ac6.mcu.externaltools.arm-none.win32_1.15.0.201708311556/tools/compiler/bin/../lib/gcc/arm-none-eabi/6.3.1/../../../../arm-none-eabi/lib/thumb/v7e-m/fpv5-sp/hard\libm.a
START GROUP
LOAD c:/ac6/systemworkbench/plugins/fr.ac6.mcu.externaltools.arm-none.win32_1.15.0.201708311556/tools/compiler/bin/../lib/gcc/arm-none-eabi/6.3.1/thumb/v7e-m/fpv5-sp/hard\libgcc.a
LOAD c:/ac6/systemworkbench/plugins/fr.ac6.mcu.externaltools.arm-none.win32_1.15.0.201708311556/tools/compiler/bin/../lib/gcc/arm-none-eabi/6.3.1/../../../../arm-none-eabi/lib/thumb/v7e-m/fpv5-sp/hard\libc_nano.a
END GROUP
START GROUP
LOAD c:/ac6/systemworkbench/plugins/fr.ac6.mcu.externaltools.arm-none.win32_1.15.0.201708311556/tools/compiler/bin/../lib/gcc/arm-none-eabi/6.3.1/thumb/v7e-m/fpv5-sp/hard\libgcc.a
LOAD c:/ac6/systemworkbench/plugins/fr.ac6.mcu.externaltools.arm-none.win32_1.15.0.201708311556/tools/compiler/bin/../lib/gcc/arm-none-eabi/6.3.1/../../../../arm-none-eabi/lib/thumb/v7e-m/fpv5-sp/hard\libc_nano.a
LOAD c:/ac6/systemworkbench/plugins/fr.ac6.mcu.externaltools.arm-none.win32_1.15.0.201708311556/tools/compiler/bin/../lib/gcc/arm-none-eabi/6.3.1/../../../../arm-none-eabi/lib/thumb/v7e-m/fpv5-sp/hard\libnosys.a
END GROUP
START GROUP
LOAD c:/ac6/systemworkbench/plugins/fr.ac6.mcu.externaltools.arm-none.win32_1.15.0.201708311556/tools/compiler/bin/../lib/gcc/arm-none-eabi/6.3.1/thumb/v7e-m/fpv5-sp/hard\libgcc.a
LOAD c:/ac6/systemworkbench/plugins/fr.ac6.mcu.externaltools.arm-none.win32_1.15.0.201708311556/tools/compiler/bin/../lib/gcc/arm-none-eabi/6.3.1/../../../../arm-none-eabi/lib/thumb/v7e-m/fpv5-sp/hard\libc_nano.a
LOAD c:/ac6/systemworkbench/plugins/fr.ac6.mcu.externaltools.arm-none.win32_1.15.0.201708311556/tools/compiler/bin/../lib/gcc/arm-none-eabi/6.3.1/../../../../arm-none-eabi/lib/thumb/v7e-m/fpv5-sp/hard\libnosys.a
END GROUP
LOAD c:/ac6/systemworkbench/plugins/fr.ac6.mcu.externaltools.arm-none.win32_1.15.0.201708311556/tools/compiler/bin/../lib/gcc/arm-none-eabi/6.3.1/thumb/v7e-m/fpv5-sp/hard/crtend.o
LOAD c:/ac6/systemworkbench/plugins/fr.ac6.mcu.externaltools.arm-none.win32_1.15.0.201708311556/tools/compiler/bin/../lib/gcc/arm-none-eabi/6.3.1/thumb/v7e-m/fpv5-sp/hard/crtn.o
                0x20050000                _estack = 0x20050000
                0x00000400                _Min_Heap_Size = 0x400
                0x00000900                _Min_Stack_Size = 0x900

.isr_vector     0x08000000      0x1c8
                0x08000000                . = ALIGN (0x4)
 *(.isr_vector)
 .isr_vector    0x08000000      0x1c8 startup/startup_stm32f746xx.o
                0x08000000                g_pfnVectors
                0x080001c8                . = ALIGN (0x4)

.text           0x080001d0     0x3898
                0x080001d0                . = ALIGN (0x4)
 *(.text)
 .text          0x080001d0       0x6c c:/ac6/systemworkbench/plugins/fr.ac6.mcu.externaltools.arm-none.win32_1.15.0.201708311556/tools/compiler/bin/../lib/gcc/arm-none-eabi/6.3.1/thumb/v7e-m/fpv5-sp/hard/crtbegin.o
 .text          0x0800023c       0x30 c:/ac6/systemworkbench/plugins/fr.ac6.mcu.externaltools.arm-none.win32_1.15.0.201708311556/tools/compiler/bin/../lib/gcc/arm-none-eabi/6.3.1/thumb/v7e-m/fpv5-sp/hard\libgcc.a(_aeabi_uldivmod.o)
                0x0800023c                __aeabi_uldivmod
 .text          0x0800026c      0x2dc c:/ac6/systemworkbench/plugins/fr.ac6.mcu.externaltools.arm-none.win32_1.15.0.201708311556/tools/compiler/bin/../lib/gcc/arm-none-eabi/6.3.1/thumb/v7e-m/fpv5-sp/hard\libgcc.a(_udivmoddi4.o)
                0x0800026c                __udivmoddi4
 .text          0x08000548        0x4 c:/ac6/systemworkbench/plugins/fr.ac6.mcu.externaltools.arm-none.win32_1.15.0.201708311556/tools/compiler/bin/../lib/gcc/arm-none-eabi/6.3.1/thumb/v7e-m/fpv5-sp/hard\libgcc.a(_dvmd_tls.o)
                0x08000548                __aeabi_idiv0
                0x08000548                __aeabi_ldiv0
 *fill*         0x0800054c        0x4 
 .text          0x08000550       0xa0 c:/ac6/systemworkbench/plugins/fr.ac6.mcu.externaltools.arm-none.win32_1.15.0.201708311556/tools/compiler/bin/../lib/gcc/arm-none-eabi/6.3.1/../../../../arm-none-eabi/lib/thumb/v7e-m/fpv5-sp/hard\libc_nano.a(lib_a-memchr.o)
                0x08000550                memchr
 *(.text*)
 .text.HAL_InitTick
                0x080005f0       0x48 Drivers/STM32F7xx_HAL_Driver/Src/stm32f7xx_hal.o
                0x080005f0                HAL_InitTick
 .text.HAL_Init
                0x08000638       0x16 Drivers/STM32F7xx_HAL_Driver/Src/stm32f7xx_hal.o
                0x08000638                HAL_Init
 *fill*         0x0800064e        0x2 
 .text.HAL_IncTick
                0x08000650       0x18 Drivers/STM32F7xx_HAL_Driver/Src/stm32f7xx_hal.o
                0x08000650                HAL_IncTick
 .text.HAL_GetTick
                0x08000668        0xc Drivers/STM32F7xx_HAL_Driver/Src/stm32f7xx_hal.o
                0x08000668                HAL_GetTick
 .text.HAL_Delay
                0x08000674       0x28 Drivers/STM32F7xx_HAL_Driver/Src/stm32f7xx_hal.o
                0x08000674                HAL_Delay
 .text.HAL_NVIC_SetPriorityGrouping
                0x0800069c       0x3c Drivers/STM32F7xx_HAL_Driver/Src/stm32f7xx_hal_cortex.o
                0x0800069c                HAL_NVIC_SetPriorityGrouping
 .text.HAL_NVIC_SetPriority
                0x080006d8       0x84 Drivers/STM32F7xx_HAL_Driver/Src/stm32f7xx_hal_cortex.o
                0x080006d8                HAL_NVIC_SetPriority
 .text.HAL_NVIC_EnableIRQ
                0x0800075c       0x2c Drivers/STM32F7xx_HAL_Driver/Src/stm32f7xx_hal_cortex.o
                0x0800075c                HAL_NVIC_EnableIRQ
 .text.HAL_SYSTICK_Config
                0x08000788       0x2c Drivers/STM32F7xx_HAL_Driver/Src/stm32f7xx_hal_cortex.o
                0x08000788                HAL_SYSTICK_Config
 .text.HAL_SYSTICK_CLKSourceConfig
                0x080007b4       0x3c Drivers/STM32F7xx_HAL_Driver/Src/stm32f7xx_hal_cortex.o
                0x080007b4                HAL_SYSTICK_CLKSourceConfig
 .text.HAL_SYSTICK_Callback
                0x080007f0        0x2 Drivers/STM32F7xx_HAL_Driver/Src/stm32f7xx_hal_cortex.o
                0x080007f0                HAL_SYSTICK_Callback
 .text.HAL_SYSTICK_IRQHandler
                0x080007f2        0x8 Drivers/STM32F7xx_HAL_Driver/Src/stm32f7xx_hal_cortex.o
                0x080007f2                HAL_SYSTICK_IRQHandler
 .text.HAL_DMA_Abort_IT
                0x080007fa       0x26 Drivers/STM32F7xx_HAL_Driver/Src/stm32f7xx_hal_dma.o
                0x080007fa                HAL_DMA_Abort_IT
 .text.HAL_GPIO_Init
                0x08000820      0x304 Drivers/STM32F7xx_HAL_Driver/Src/stm32f7xx_hal_gpio.o
                0x08000820                HAL_GPIO_Init
 .text.HAL_GPIO_WritePin
                0x08000b24       0x34 Drivers/STM32F7xx_HAL_Driver/Src/stm32f7xx_hal_gpio.o
                0x08000b24                HAL_GPIO_WritePin
 .text.HAL_RCC_OscConfig
                0x08000b58      0x4e4 Drivers/STM32F7xx_HAL_Driver/Src/stm32f7xx_hal_rcc.o
                0x08000b58                HAL_RCC_OscConfig
 .text.HAL_RCC_GetSysClockFreq
                0x0800103c       0xd4 Drivers/STM32F7xx_HAL_Driver/Src/stm32f7xx_hal_rcc.o
                0x0800103c                HAL_RCC_GetSysClockFreq
 .text.HAL_RCC_ClockConfig
                0x08001110      0x220 Drivers/STM32F7xx_HAL_Driver/Src/stm32f7xx_hal_rcc.o
                0x08001110                HAL_RCC_ClockConfig
 .text.HAL_RCC_GetHCLKFreq
                0x08001330        0xc Drivers/STM32F7xx_HAL_Driver/Src/stm32f7xx_hal_rcc.o
                0x08001330                HAL_RCC_GetHCLKFreq
 .text.HAL_RCC_GetPCLK1Freq
                0x0800133c       0x20 Drivers/STM32F7xx_HAL_Driver/Src/stm32f7xx_hal_rcc.o
                0x0800133c                HAL_RCC_GetPCLK1Freq
 .text.HAL_RCC_GetPCLK2Freq
                0x0800135c       0x20 Drivers/STM32F7xx_HAL_Driver/Src/stm32f7xx_hal_rcc.o
                0x0800135c                HAL_RCC_GetPCLK2Freq
 .text.HAL_RCCEx_PeriphCLKConfig
                0x0800137c      0xa48 Drivers/STM32F7xx_HAL_Driver/Src/stm32f7xx_hal_rcc_ex.o
                0x0800137c                HAL_RCCEx_PeriphCLKConfig
 .text.UART_Transmit_IT
                0x08001dc4       0x6e Drivers/STM32F7xx_HAL_Driver/Src/stm32f7xx_hal_uart.o
 .text.UART_EndRxTransfer
                0x08001e32       0x1c Drivers/STM32F7xx_HAL_Driver/Src/stm32f7xx_hal_uart.o
 .text.HAL_UART_Receive_IT
                0x08001e4e       0xaa Drivers/STM32F7xx_HAL_Driver/Src/stm32f7xx_hal_uart.o
                0x08001e4e                HAL_UART_Receive_IT
 .text.UART_WaitOnFlagUntilTimeout
                0x08001ef8       0x64 Drivers/STM32F7xx_HAL_Driver/Src/stm32f7xx_hal_uart.o
                0x08001ef8                UART_WaitOnFlagUntilTimeout
 .text.HAL_UART_Transmit
                0x08001f5c       0xcc Drivers/STM32F7xx_HAL_Driver/Src/stm32f7xx_hal_uart.o
                0x08001f5c                HAL_UART_Transmit
 .text.HAL_UART_TxCpltCallback
                0x08002028        0x2 Drivers/STM32F7xx_HAL_Driver/Src/stm32f7xx_hal_uart.o
                0x08002028                HAL_UART_TxCpltCallback
 .text.UART_EndTransmit_IT
                0x0800202a       0x1a Drivers/STM32F7xx_HAL_Driver/Src/stm32f7xx_hal_uart.o
 .text.UART_Receive_IT
                0x08002044       0x84 Drivers/STM32F7xx_HAL_Driver/Src/stm32f7xx_hal_uart.o
 .text.HAL_UART_ErrorCallback
                0x080020c8        0x2 Drivers/STM32F7xx_HAL_Driver/Src/stm32f7xx_hal_uart.o
                0x080020c8                HAL_UART_ErrorCallback
 *fill*         0x080020ca        0x2 
 .text.HAL_UART_IRQHandler
                0x080020cc      0x138 Drivers/STM32F7xx_HAL_Driver/Src/stm32f7xx_hal_uart.o
                0x080020cc                HAL_UART_IRQHandler
 .text.UART_DMAAbortOnError
                0x08002204       0x14 Drivers/STM32F7xx_HAL_Driver/Src/stm32f7xx_hal_uart.o
 .text.UART_SetConfig
                0x08002218      0x41c Drivers/STM32F7xx_HAL_Driver/Src/stm32f7xx_hal_uart.o
                0x08002218                UART_SetConfig
 .text.UART_AdvFeatureConfig
                0x08002634      0x1cc Drivers/STM32F7xx_HAL_Driver/Src/stm32f7xx_hal_uart.o
                0x08002634                UART_AdvFeatureConfig
 .text.UART_CheckIdleState
                0x08002800       0x48 Drivers/STM32F7xx_HAL_Driver/Src/stm32f7xx_hal_uart.o
                0x08002800                UART_CheckIdleState
 .text.HAL_UART_Init
                0x08002848      0x114 Drivers/STM32F7xx_HAL_Driver/Src/stm32f7xx_hal_uart.o
                0x08002848                HAL_UART_Init
 .text.MX_GPIO_Init
                0x0800295c      0x240 Src/gpio.o
                0x0800295c                MX_GPIO_Init
 .text._Error_Handler
                0x08002b9c        0x2 Src/main.o
                0x08002b9c                _Error_Handler
 *fill*         0x08002b9e        0x2 
 .text.SystemClock_Config
                0x08002ba0       0xdc Src/main.o
                0x08002ba0                SystemClock_Config
 .text.main     0x08002c7c       0x30 Src/main.o
                0x08002c7c                main
 .text.assert_failed
                0x08002cac        0x2 Src/main.o
                0x08002cac                assert_failed
 .text.HAL_MspInit
                0x08002cae       0x5e Src/stm32f7xx_hal_msp.o
                0x08002cae                HAL_MspInit
 .text.SysTick_Handler
                0x08002d0c        0xc Src/stm32f7xx_it.o
                0x08002d0c                SysTick_Handler
 .text.USART3_IRQHandler
                0x08002d18       0x10 Src/stm32f7xx_it.o
                0x08002d18                USART3_IRQHandler
 .text.USART6_IRQHandler
                0x08002d28       0x10 Src/stm32f7xx_it.o
                0x08002d28                USART6_IRQHandler
 .text.SystemInit
                0x08002d38       0x50 Src/system_stm32f7xx.o
                0x08002d38                SystemInit
 .text.MX_USART3_UART_Init
                0x08002d88       0x40 Src/usart.o
                0x08002d88                MX_USART3_UART_Init
 .text.MX_USART6_UART_Init
                0x08002dc8       0x40 Src/usart.o
                0x08002dc8                MX_USART6_UART_Init
 .text.HAL_UART_MspInit
                0x08002e08       0xb0 Src/usart.o
                0x08002e08                HAL_UART_MspInit
 .text.UART_Error_Registers_init
                0x08002eb8       0x20 Src/usart.o
                0x08002eb8                UART_Error_Registers_init
 .text.UART_Ring_Buffer_init
                0x08002ed8       0x5c Src/usart.o
                0x08002ed8                UART_Ring_Buffer_init
 .text.UART_Ring_Buffer_WR
                0x08002f34       0x32 Src/usart.o
                0x08002f34                UART_Ring_Buffer_WR
 *fill*         0x08002f66        0x2 
 .text.traza    0x08002f68       0x40 Src/usart.o
                0x08002f68                traza
 .text.HAL_UART_RxCpltCallback
                0x08002fa8      0x188 Src/usart.o
                0x08002fa8                HAL_UART_RxCpltCallback
 .text.Reset_Handler
                0x08003130       0x50 startup/startup_stm32f746xx.o
                0x08003130                Reset_Handler
 .text.Default_Handler
                0x08003180        0x2 startup/startup_stm32f746xx.o
                0x08003180                RTC_Alarm_IRQHandler
                0x08003180                EXTI2_IRQHandler
                0x08003180                TIM8_CC_IRQHandler
                0x08003180                DebugMon_Handler
                0x08003180                UART8_IRQHandler
                0x08003180                SPI4_IRQHandler
                0x08003180                TIM1_CC_IRQHandler
                0x08003180                DMA2_Stream5_IRQHandler
                0x08003180                HardFault_Handler
                0x08003180                DMA1_Stream5_IRQHandler
                0x08003180                PVD_IRQHandler
                0x08003180                TAMP_STAMP_IRQHandler
                0x08003180                PendSV_Handler
                0x08003180                NMI_Handler
                0x08003180                CAN2_RX1_IRQHandler
                0x08003180                EXTI3_IRQHandler
                0x08003180                TIM8_TRG_COM_TIM14_IRQHandler
                0x08003180                TIM1_UP_TIM10_IRQHandler
                0x08003180                TIM8_UP_TIM13_IRQHandler
                0x08003180                I2C3_ER_IRQHandler
                0x08003180                EXTI0_IRQHandler
                0x08003180                I2C2_EV_IRQHandler
                0x08003180                DMA1_Stream2_IRQHandler
                0x08003180                CAN1_RX0_IRQHandler
                0x08003180                FPU_IRQHandler
                0x08003180                OTG_HS_WKUP_IRQHandler
                0x08003180                UsageFault_Handler
                0x08003180                LTDC_ER_IRQHandler
                0x08003180                CAN2_SCE_IRQHandler
                0x08003180                DMA2_Stream2_IRQHandler
                0x08003180                SPI1_IRQHandler
                0x08003180                TIM6_DAC_IRQHandler
                0x08003180                TIM1_BRK_TIM9_IRQHandler
                0x08003180                DCMI_IRQHandler
                0x08003180                CAN2_RX0_IRQHandler
                0x08003180                DMA2_Stream3_IRQHandler
                0x08003180                SAI2_IRQHandler
                0x08003180                CAN1_RX1_IRQHandler
                0x08003180                UART5_IRQHandler
                0x08003180                DMA2_Stream0_IRQHandler
                0x08003180                TIM4_IRQHandler
                0x08003180                QUADSPI_IRQHandler
                0x08003180                I2C1_EV_IRQHandler
                0x08003180                DMA1_Stream6_IRQHandler
                0x08003180                DMA1_Stream1_IRQHandler
                0x08003180                UART4_IRQHandler
                0x08003180                TIM3_IRQHandler
                0x08003180                RCC_IRQHandler
                0x08003180                TIM8_BRK_TIM12_IRQHandler
                0x08003180                Default_Handler
                0x08003180                CEC_IRQHandler
                0x08003180                EXTI15_10_IRQHandler
                0x08003180                ADC_IRQHandler
                0x08003180                DMA1_Stream7_IRQHandler
                0x08003180                SPI5_IRQHandler
                0x08003180                TIM7_IRQHandler
                0x08003180                SDMMC1_IRQHandler
                0x08003180                CAN2_TX_IRQHandler
                0x08003180                TIM5_IRQHandler
                0x08003180                DMA2_Stream7_IRQHandler
                0x08003180                I2C3_EV_IRQHandler
                0x08003180                EXTI9_5_IRQHandler
                0x08003180                RTC_WKUP_IRQHandler
                0x08003180                LTDC_IRQHandler
                0x08003180                ETH_WKUP_IRQHandler
                0x08003180                SPDIF_RX_IRQHandler
                0x08003180                SPI2_IRQHandler
                0x08003180                OTG_HS_EP1_IN_IRQHandler
                0x08003180                MemManage_Handler
                0x08003180                DMA1_Stream0_IRQHandler
                0x08003180                CAN1_TX_IRQHandler
                0x08003180                SVC_Handler
                0x08003180                EXTI4_IRQHandler
                0x08003180                RNG_IRQHandler
                0x08003180                ETH_IRQHandler
                0x08003180                OTG_HS_EP1_OUT_IRQHandler
                0x08003180                WWDG_IRQHandler
                0x08003180                SPI6_IRQHandler
                0x08003180                I2C4_EV_IRQHandler
                0x08003180                TIM2_IRQHandler
                0x08003180                OTG_FS_WKUP_IRQHandler
                0x08003180                TIM1_TRG_COM_TIM11_IRQHandler
                0x08003180                OTG_HS_IRQHandler
                0x08003180                DMA2D_IRQHandler
                0x08003180                EXTI1_IRQHandler
                0x08003180                UART7_IRQHandler
                0x08003180                USART2_IRQHandler
                0x08003180                I2C2_ER_IRQHandler
                0x08003180                DMA2_Stream1_IRQHandler
                0x08003180                CAN1_SCE_IRQHandler
                0x08003180                FLASH_IRQHandler
                0x08003180                DMA2_Stream4_IRQHandler
                0x08003180                BusFault_Handler
                0x08003180                USART1_IRQHandler
                0x08003180                OTG_FS_IRQHandler
                0x08003180                SPI3_IRQHandler
                0x08003180                DMA1_Stream4_IRQHandler
                0x08003180                I2C1_ER_IRQHandler
                0x08003180                FMC_IRQHandler
                0x08003180                LPTIM1_IRQHandler
                0x08003180                I2C4_ER_IRQHandler
                0x08003180                DMA2_Stream6_IRQHandler
                0x08003180                SAI1_IRQHandler
                0x08003180                DMA1_Stream3_IRQHandler
 *fill*         0x08003182        0x2 
 .text.__libc_init_array
                0x08003184       0x48 c:/ac6/systemworkbench/plugins/fr.ac6.mcu.externaltools.arm-none.win32_1.15.0.201708311556/tools/compiler/bin/../lib/gcc/arm-none-eabi/6.3.1/../../../../arm-none-eabi/lib/thumb/v7e-m/fpv5-sp/hard\libc_nano.a(lib_a-init.o)
                0x08003184                __libc_init_array
 .text.memcpy   0x080031cc       0x16 c:/ac6/systemworkbench/plugins/fr.ac6.mcu.externaltools.arm-none.win32_1.15.0.201708311556/tools/compiler/bin/../lib/gcc/arm-none-eabi/6.3.1/../../../../arm-none-eabi/lib/thumb/v7e-m/fpv5-sp/hard\libc_nano.a(lib_a-memcpy-stub.o)
                0x080031cc                memcpy
 .text._vsnprintf_r
                0x080031e2       0x58 c:/ac6/systemworkbench/plugins/fr.ac6.mcu.externaltools.arm-none.win32_1.15.0.201708311556/tools/compiler/bin/../lib/gcc/arm-none-eabi/6.3.1/../../../../arm-none-eabi/lib/thumb/v7e-m/fpv5-sp/hard\libc_nano.a(lib_a-vsnprintf.o)
                0x080031e2                _vsniprintf_r
                0x080031e2                _vsnprintf_r
 *fill*         0x0800323a        0x2 
 .text.vsnprintf
                0x0800323c       0x1c c:/ac6/systemworkbench/plugins/fr.ac6.mcu.externaltools.arm-none.win32_1.15.0.201708311556/tools/compiler/bin/../lib/gcc/arm-none-eabi/6.3.1/../../../../arm-none-eabi/lib/thumb/v7e-m/fpv5-sp/hard\libc_nano.a(lib_a-vsnprintf.o)
                0x0800323c                vsniprintf
                0x0800323c                vsnprintf
 .text.__ssputs_r
                0x08003258       0xb6 c:/ac6/systemworkbench/plugins/fr.ac6.mcu.externaltools.arm-none.win32_1.15.0.201708311556/tools/compiler/bin/../lib/gcc/arm-none-eabi/6.3.1/../../../../arm-none-eabi/lib/thumb/v7e-m/fpv5-sp/hard\libc_nano.a(lib_a-nano-svfprintf.o)
                0x08003258                __ssputs_r
 *fill*         0x0800330e        0x2 
 .text._svfprintf_r
                0x08003310      0x1e8 c:/ac6/systemworkbench/plugins/fr.ac6.mcu.externaltools.arm-none.win32_1.15.0.201708311556/tools/compiler/bin/../lib/gcc/arm-none-eabi/6.3.1/../../../../arm-none-eabi/lib/thumb/v7e-m/fpv5-sp/hard\libc_nano.a(lib_a-nano-svfprintf.o)
                0x08003310                _svfiprintf_r
                0x08003310                _svfprintf_r
 .text._printf_common
                0x080034f8       0xec c:/ac6/systemworkbench/plugins/fr.ac6.mcu.externaltools.arm-none.win32_1.15.0.201708311556/tools/compiler/bin/../lib/gcc/arm-none-eabi/6.3.1/../../../../arm-none-eabi/lib/thumb/v7e-m/fpv5-sp/hard\libc_nano.a(lib_a-nano-vfprintf_i.o)
                0x080034f8                _printf_common
 .text._printf_i
                0x080035e4      0x240 c:/ac6/systemworkbench/plugins/fr.ac6.mcu.externaltools.arm-none.win32_1.15.0.201708311556/tools/compiler/bin/../lib/gcc/arm-none-eabi/6.3.1/../../../../arm-none-eabi/lib/thumb/v7e-m/fpv5-sp/hard\libc_nano.a(lib_a-nano-vfprintf_i.o)
                0x080035e4                _printf_i
 .text.memmove  0x08003824       0x34 c:/ac6/systemworkbench/plugins/fr.ac6.mcu.externaltools.arm-none.win32_1.15.0.201708311556/tools/compiler/bin/../lib/gcc/arm-none-eabi/6.3.1/../../../../arm-none-eabi/lib/thumb/v7e-m/fpv5-sp/hard\libc_nano.a(lib_a-memmove.o)
                0x08003824                memmove
 .text._free_r  0x08003858       0x9c c:/ac6/systemworkbench/plugins/fr.ac6.mcu.externaltools.arm-none.win32_1.15.0.201708311556/tools/compiler/bin/../lib/gcc/arm-none-eabi/6.3.1/../../../../arm-none-eabi/lib/thumb/v7e-m/fpv5-sp/hard\libc_nano.a(lib_a-nano-freer.o)
                0x08003858                _free_r
 .text._malloc_r
                0x080038f4       0xbc c:/ac6/systemworkbench/plugins/fr.ac6.mcu.externaltools.arm-none.win32_1.15.0.201708311556/tools/compiler/bin/../lib/gcc/arm-none-eabi/6.3.1/../../../../arm-none-eabi/lib/thumb/v7e-m/fpv5-sp/hard\libc_nano.a(lib_a-nano-mallocr.o)
                0x080038f4                _malloc_r
 .text._realloc_r
                0x080039b0       0x4c c:/ac6/systemworkbench/plugins/fr.ac6.mcu.externaltools.arm-none.win32_1.15.0.201708311556/tools/compiler/bin/../lib/gcc/arm-none-eabi/6.3.1/../../../../arm-none-eabi/lib/thumb/v7e-m/fpv5-sp/hard\libc_nano.a(lib_a-nano-reallocr.o)
                0x080039b0                _realloc_r
 .text._sbrk_r  0x080039fc       0x20 c:/ac6/systemworkbench/plugins/fr.ac6.mcu.externaltools.arm-none.win32_1.15.0.201708311556/tools/compiler/bin/../lib/gcc/arm-none-eabi/6.3.1/../../../../arm-none-eabi/lib/thumb/v7e-m/fpv5-sp/hard\libc_nano.a(lib_a-sbrkr.o)
                0x080039fc                _sbrk_r
 .text.__malloc_lock
                0x08003a1c        0x2 c:/ac6/systemworkbench/plugins/fr.ac6.mcu.externaltools.arm-none.win32_1.15.0.201708311556/tools/compiler/bin/../lib/gcc/arm-none-eabi/6.3.1/../../../../arm-none-eabi/lib/thumb/v7e-m/fpv5-sp/hard\libc_nano.a(lib_a-mlock.o)
                0x08003a1c                __malloc_lock
 .text.__malloc_unlock
                0x08003a1e        0x2 c:/ac6/systemworkbench/plugins/fr.ac6.mcu.externaltools.arm-none.win32_1.15.0.201708311556/tools/compiler/bin/../lib/gcc/arm-none-eabi/6.3.1/../../../../arm-none-eabi/lib/thumb/v7e-m/fpv5-sp/hard\libc_nano.a(lib_a-mlock.o)
                0x08003a1e                __malloc_unlock
 .text._malloc_usable_size_r
                0x08003a20       0x12 c:/ac6/systemworkbench/plugins/fr.ac6.mcu.externaltools.arm-none.win32_1.15.0.201708311556/tools/compiler/bin/../lib/gcc/arm-none-eabi/6.3.1/../../../../arm-none-eabi/lib/thumb/v7e-m/fpv5-sp/hard\libc_nano.a(lib_a-nano-msizer.o)
                0x08003a20                _malloc_usable_size_r
 *fill*         0x08003a32        0x2 
 .text._sbrk    0x08003a34       0x1c c:/ac6/systemworkbench/plugins/fr.ac6.mcu.externaltools.arm-none.win32_1.15.0.201708311556/tools/compiler/bin/../lib/gcc/arm-none-eabi/6.3.1/../../../../arm-none-eabi/lib/thumb/v7e-m/fpv5-sp/hard\libnosys.a(sbrk.o)
                0x08003a34                _sbrk
 *(.glue_7)
 .glue_7        0x08003a50        0x0 linker stubs
 *(.glue_7t)
 .glue_7t       0x08003a50        0x0 linker stubs
 *(.eh_frame)
 .eh_frame      0x08003a50        0x0 c:/ac6/systemworkbench/plugins/fr.ac6.mcu.externaltools.arm-none.win32_1.15.0.201708311556/tools/compiler/bin/../lib/gcc/arm-none-eabi/6.3.1/thumb/v7e-m/fpv5-sp/hard/crtbegin.o
 *(.init)
 .init          0x08003a50        0x4 c:/ac6/systemworkbench/plugins/fr.ac6.mcu.externaltools.arm-none.win32_1.15.0.201708311556/tools/compiler/bin/../lib/gcc/arm-none-eabi/6.3.1/thumb/v7e-m/fpv5-sp/hard/crti.o
                0x08003a50                _init
 .init          0x08003a54        0x8 c:/ac6/systemworkbench/plugins/fr.ac6.mcu.externaltools.arm-none.win32_1.15.0.201708311556/tools/compiler/bin/../lib/gcc/arm-none-eabi/6.3.1/thumb/v7e-m/fpv5-sp/hard/crtn.o
 *(.fini)
 .fini          0x08003a5c        0x4 c:/ac6/systemworkbench/plugins/fr.ac6.mcu.externaltools.arm-none.win32_1.15.0.201708311556/tools/compiler/bin/../lib/gcc/arm-none-eabi/6.3.1/thumb/v7e-m/fpv5-sp/hard/crti.o
                0x08003a5c                _fini
 .fini          0x08003a60        0x8 c:/ac6/systemworkbench/plugins/fr.ac6.mcu.externaltools.arm-none.win32_1.15.0.201708311556/tools/compiler/bin/../lib/gcc/arm-none-eabi/6.3.1/thumb/v7e-m/fpv5-sp/hard/crtn.o
                0x08003a68                . = ALIGN (0x4)
                0x08003a68                _etext = .

.vfp11_veneer   0x08003a68        0x0
 .vfp11_veneer  0x08003a68        0x0 linker stubs

.v4_bx          0x08003a68        0x0
 .v4_bx         0x08003a68        0x0 linker stubs

.iplt           0x08003a68        0x0
 .iplt          0x08003a68        0x0 c:/ac6/systemworkbench/plugins/fr.ac6.mcu.externaltools.arm-none.win32_1.15.0.201708311556/tools/compiler/bin/../lib/gcc/arm-none-eabi/6.3.1/thumb/v7e-m/fpv5-sp/hard/crtbegin.o

.rodata         0x08003a68      0x34c
                0x08003a68                . = ALIGN (0x4)
 *(.rodata)
 .rodata        0x08003a68       0x18 Src/system_stm32f7xx.o
                0x08003a68                AHBPrescTable
                0x08003a78                APBPrescTable
 *(.rodata*)
 .rodata.str1.4
                0x08003a80       0x3b Drivers/STM32F7xx_HAL_Driver/Src/stm32f7xx_hal_cortex.o
 *fill*         0x08003abb        0x1 
 .rodata.str1.4
                0x08003abc       0x39 Drivers/STM32F7xx_HAL_Driver/Src/stm32f7xx_hal_gpio.o
 *fill*         0x08003af5        0x3 
 .rodata.str1.4
                0x08003af8       0x38 Drivers/STM32F7xx_HAL_Driver/Src/stm32f7xx_hal_rcc.o
 .rodata.str1.4
                0x08003b30       0x3b Drivers/STM32F7xx_HAL_Driver/Src/stm32f7xx_hal_rcc_ex.o
 *fill*         0x08003b6b        0x1 
 .rodata.str1.4
                0x08003b6c       0x39 Drivers/STM32F7xx_HAL_Driver/Src/stm32f7xx_hal_uart.o
 *fill*         0x08003ba5        0x3 
 .rodata.str1.4
                0x08003ba8       0x18 Src/main.o
 .rodata.str1.4
                0x08003bc0      0x1c0 Src/usart.o
 .rodata._svfprintf_r.str1.1
                0x08003d80       0x11 c:/ac6/systemworkbench/plugins/fr.ac6.mcu.externaltools.arm-none.win32_1.15.0.201708311556/tools/compiler/bin/../lib/gcc/arm-none-eabi/6.3.1/../../../../arm-none-eabi/lib/thumb/v7e-m/fpv5-sp/hard\libc_nano.a(lib_a-nano-svfprintf.o)
 .rodata._printf_i.str1.1
                0x08003d91       0x22 c:/ac6/systemworkbench/plugins/fr.ac6.mcu.externaltools.arm-none.win32_1.15.0.201708311556/tools/compiler/bin/../lib/gcc/arm-none-eabi/6.3.1/../../../../arm-none-eabi/lib/thumb/v7e-m/fpv5-sp/hard\libc_nano.a(lib_a-nano-vfprintf_i.o)
                0x08003db4                . = ALIGN (0x4)
 *fill*         0x08003db3        0x1 

.ARM.extab
 *(.ARM.extab* .gnu.linkonce.armextab.*)

.ARM            0x08003db4        0x8
                0x08003db4                __exidx_start = .
 *(.ARM.exidx*)
 .ARM.exidx     0x08003db4        0x8 c:/ac6/systemworkbench/plugins/fr.ac6.mcu.externaltools.arm-none.win32_1.15.0.201708311556/tools/compiler/bin/../lib/gcc/arm-none-eabi/6.3.1/thumb/v7e-m/fpv5-sp/hard\libgcc.a(_udivmoddi4.o)
                0x08003dbc                __exidx_end = .

.rel.dyn        0x08003dbc        0x0
 .rel.iplt      0x08003dbc        0x0 c:/ac6/systemworkbench/plugins/fr.ac6.mcu.externaltools.arm-none.win32_1.15.0.201708311556/tools/compiler/bin/../lib/gcc/arm-none-eabi/6.3.1/thumb/v7e-m/fpv5-sp/hard/crtbegin.o

.preinit_array  0x08003dbc        0x0
                0x08003dbc                PROVIDE (__preinit_array_start, .)
 *(.preinit_array*)
                0x08003dbc                PROVIDE (__preinit_array_end, .)

.init_array     0x08003dbc        0x4
                0x08003dbc                PROVIDE (__init_array_start, .)
 *(SORT(.init_array.*))
 *(.init_array*)
 .init_array    0x08003dbc        0x4 c:/ac6/systemworkbench/plugins/fr.ac6.mcu.externaltools.arm-none.win32_1.15.0.201708311556/tools/compiler/bin/../lib/gcc/arm-none-eabi/6.3.1/thumb/v7e-m/fpv5-sp/hard/crtbegin.o
                0x08003dc0                PROVIDE (__init_array_end, .)

.fini_array     0x08003dc0        0x4
                [!provide]                PROVIDE (__fini_array_start, .)
 *(SORT(.fini_array.*))
 *(.fini_array*)
 .fini_array    0x08003dc0        0x4 c:/ac6/systemworkbench/plugins/fr.ac6.mcu.externaltools.arm-none.win32_1.15.0.201708311556/tools/compiler/bin/../lib/gcc/arm-none-eabi/6.3.1/thumb/v7e-m/fpv5-sp/hard/crtbegin.o
                [!provide]                PROVIDE (__fini_array_end, .)
                0x08003dc4                _sidata = LOADADDR (.data)

.data           0x20000000       0x74 load address 0x08003dc4
                0x20000000                . = ALIGN (0x4)
                0x20000000                _sdata = .
 *(.data)
 .data          0x20000000        0x8 Drivers/STM32F7xx_HAL_Driver/Src/stm32f7xx_hal.o
                0x20000000                uwTickFreq
                0x20000004                uwTickPrio
 .data          0x20000008        0x4 Src/system_stm32f7xx.o
                0x20000008                SystemCoreClock
 .data          0x2000000c        0x1 Src/usart.o
                0x2000000c                external_debug
 *(.data*)
 *fill*         0x2000000d        0x3 
 .data._impure_ptr
                0x20000010        0x4 c:/ac6/systemworkbench/plugins/fr.ac6.mcu.externaltools.arm-none.win32_1.15.0.201708311556/tools/compiler/bin/../lib/gcc/arm-none-eabi/6.3.1/../../../../arm-none-eabi/lib/thumb/v7e-m/fpv5-sp/hard\libc_nano.a(lib_a-impure.o)
                0x20000010                _impure_ptr
 .data.impure_data
                0x20000014       0x60 c:/ac6/systemworkbench/plugins/fr.ac6.mcu.externaltools.arm-none.win32_1.15.0.201708311556/tools/compiler/bin/../lib/gcc/arm-none-eabi/6.3.1/../../../../arm-none-eabi/lib/thumb/v7e-m/fpv5-sp/hard\libc_nano.a(lib_a-impure.o)
                0x20000074                . = ALIGN (0x4)
                0x20000074                _edata = .

.jcr            0x20000074        0x0 load address 0x08003e38
 .jcr           0x20000074        0x0 c:/ac6/systemworkbench/plugins/fr.ac6.mcu.externaltools.arm-none.win32_1.15.0.201708311556/tools/compiler/bin/../lib/gcc/arm-none-eabi/6.3.1/thumb/v7e-m/fpv5-sp/hard/crtbegin.o

.igot.plt       0x20000074        0x0 load address 0x08003e38
 .igot.plt      0x20000074        0x0 c:/ac6/systemworkbench/plugins/fr.ac6.mcu.externaltools.arm-none.win32_1.15.0.201708311556/tools/compiler/bin/../lib/gcc/arm-none-eabi/6.3.1/thumb/v7e-m/fpv5-sp/hard/crtbegin.o
                0x20000074                . = ALIGN (0x4)

.bss            0x20000074      0x3c0 load address 0x08003e38
                0x20000074                _sbss = .
                0x20000074                __bss_start__ = _sbss
 *(.bss)
 .bss           0x20000074       0x1c c:/ac6/systemworkbench/plugins/fr.ac6.mcu.externaltools.arm-none.win32_1.15.0.201708311556/tools/compiler/bin/../lib/gcc/arm-none-eabi/6.3.1/thumb/v7e-m/fpv5-sp/hard/crtbegin.o
 .bss           0x20000090       0xf1 Src/usart.o
                0x20000180                parar_programa
 *(.bss*)
 *fill*         0x20000181        0x3 
 .bss.__malloc_free_list
                0x20000184        0x4 c:/ac6/systemworkbench/plugins/fr.ac6.mcu.externaltools.arm-none.win32_1.15.0.201708311556/tools/compiler/bin/../lib/gcc/arm-none-eabi/6.3.1/../../../../arm-none-eabi/lib/thumb/v7e-m/fpv5-sp/hard\libc_nano.a(lib_a-nano-mallocr.o)
                0x20000184                __malloc_free_list
 .bss.__malloc_sbrk_start
                0x20000188        0x4 c:/ac6/systemworkbench/plugins/fr.ac6.mcu.externaltools.arm-none.win32_1.15.0.201708311556/tools/compiler/bin/../lib/gcc/arm-none-eabi/6.3.1/../../../../arm-none-eabi/lib/thumb/v7e-m/fpv5-sp/hard\libc_nano.a(lib_a-nano-mallocr.o)
                0x20000188                __malloc_sbrk_start
 .bss.heap_end.5239
                0x2000018c        0x4 c:/ac6/systemworkbench/plugins/fr.ac6.mcu.externaltools.arm-none.win32_1.15.0.201708311556/tools/compiler/bin/../lib/gcc/arm-none-eabi/6.3.1/../../../../arm-none-eabi/lib/thumb/v7e-m/fpv5-sp/hard\libnosys.a(sbrk.o)
 *(COMMON)
 COMMON         0x20000190        0x4 Drivers/STM32F7xx_HAL_Driver/Src/stm32f7xx_hal.o
                0x20000190                uwTick
 COMMON         0x20000194      0x29c Src/usart.o
                0x20000194                huart3
                0x20000204                Ring_Buffer_UART_VR
                0x200002e0                Ring_Buffer_UART_debug
                0x200003bc                debug_bufferRX
                0x200003c0                huart6
 COMMON         0x20000430        0x4 c:/ac6/systemworkbench/plugins/fr.ac6.mcu.externaltools.arm-none.win32_1.15.0.201708311556/tools/compiler/bin/../lib/gcc/arm-none-eabi/6.3.1/../../../../arm-none-eabi/lib/thumb/v7e-m/fpv5-sp/hard\libc_nano.a(lib_a-reent.o)
                0x20000430                errno
                0x20000434                . = ALIGN (0x4)
                0x20000434                _ebss = .
                0x20000434                __bss_end__ = _ebss

._user_heap_stack
                0x20000434      0xd04 load address 0x08003e38
                0x20000438                . = ALIGN (0x8)
 *fill*         0x20000434        0x4 
                0x20000438                PROVIDE (end, .)
                [!provide]                PROVIDE (_end, .)
                0x20000838                . = (. + _Min_Heap_Size)
 *fill*         0x20000438      0x400 
                0x20001138                . = (. + _Min_Stack_Size)
 *fill*         0x20000838      0x900 
                0x20001138                . = ALIGN (0x8)

/DISCARD/
 libc.a(*)
 libm.a(*)
 libgcc.a(*)

.ARM.attributes
                0x00000000       0x30
 *(.ARM.attributes)
 .ARM.attributes
                0x00000000       0x22 c:/ac6/systemworkbench/plugins/fr.ac6.mcu.externaltools.arm-none.win32_1.15.0.201708311556/tools/compiler/bin/../lib/gcc/arm-none-eabi/6.3.1/thumb/v7e-m/fpv5-sp/hard/crti.o
 .ARM.attributes
                0x00000022       0x34 c:/ac6/systemworkbench/plugins/fr.ac6.mcu.externaltools.arm-none.win32_1.15.0.201708311556/tools/compiler/bin/../lib/gcc/arm-none-eabi/6.3.1/thumb/v7e-m/fpv5-sp/hard/crtbegin.o
 .ARM.attributes
                0x00000056       0x39 Drivers/STM32F7xx_HAL_Driver/Src/stm32f7xx_hal.o
 .ARM.attributes
                0x0000008f       0x39 Drivers/STM32F7xx_HAL_Driver/Src/stm32f7xx_hal_cortex.o
 .ARM.attributes
                0x000000c8       0x39 Drivers/STM32F7xx_HAL_Driver/Src/stm32f7xx_hal_dma.o
 .ARM.attributes
                0x00000101       0x39 Drivers/STM32F7xx_HAL_Driver/Src/stm32f7xx_hal_gpio.o
 .ARM.attributes
                0x0000013a       0x39 Drivers/STM32F7xx_HAL_Driver/Src/stm32f7xx_hal_rcc.o
 .ARM.attributes
                0x00000173       0x39 Drivers/STM32F7xx_HAL_Driver/Src/stm32f7xx_hal_rcc_ex.o
 .ARM.attributes
                0x000001ac       0x39 Drivers/STM32F7xx_HAL_Driver/Src/stm32f7xx_hal_uart.o
 .ARM.attributes
                0x000001e5       0x39 Src/gpio.o
 .ARM.attributes
                0x0000021e       0x39 Src/main.o
 .ARM.attributes
                0x00000257       0x39 Src/stm32f7xx_hal_msp.o
 .ARM.attributes
                0x00000290       0x39 Src/stm32f7xx_it.o
 .ARM.attributes
                0x000002c9       0x39 Src/system_stm32f7xx.o
 .ARM.attributes
                0x00000302       0x39 Src/usart.o
 .ARM.attributes
                0x0000033b       0x21 startup/startup_stm32f746xx.o
 .ARM.attributes
                0x0000035c       0x22 c:/ac6/systemworkbench/plugins/fr.ac6.mcu.externaltools.arm-none.win32_1.15.0.201708311556/tools/compiler/bin/../lib/gcc/arm-none-eabi/6.3.1/thumb/v7e-m/fpv5-sp/hard\libgcc.a(_aeabi_uldivmod.o)
 .ARM.attributes
                0x0000037e       0x34 c:/ac6/systemworkbench/plugins/fr.ac6.mcu.externaltools.arm-none.win32_1.15.0.201708311556/tools/compiler/bin/../lib/gcc/arm-none-eabi/6.3.1/thumb/v7e-m/fpv5-sp/hard\libgcc.a(_udivmoddi4.o)
 .ARM.attributes
                0x000003b2       0x22 c:/ac6/systemworkbench/plugins/fr.ac6.mcu.externaltools.arm-none.win32_1.15.0.201708311556/tools/compiler/bin/../lib/gcc/arm-none-eabi/6.3.1/thumb/v7e-m/fpv5-sp/hard\libgcc.a(_dvmd_tls.o)
 .ARM.attributes
                0x000003d4       0x34 c:/ac6/systemworkbench/plugins/fr.ac6.mcu.externaltools.arm-none.win32_1.15.0.201708311556/tools/compiler/bin/../lib/gcc/arm-none-eabi/6.3.1/../../../../arm-none-eabi/lib/thumb/v7e-m/fpv5-sp/hard\libc_nano.a(lib_a-impure.o)
 .ARM.attributes
                0x00000408       0x34 c:/ac6/systemworkbench/plugins/fr.ac6.mcu.externaltools.arm-none.win32_1.15.0.201708311556/tools/compiler/bin/../lib/gcc/arm-none-eabi/6.3.1/../../../../arm-none-eabi/lib/thumb/v7e-m/fpv5-sp/hard\libc_nano.a(lib_a-init.o)
 .ARM.attributes
                0x0000043c       0x34 c:/ac6/systemworkbench/plugins/fr.ac6.mcu.externaltools.arm-none.win32_1.15.0.201708311556/tools/compiler/bin/../lib/gcc/arm-none-eabi/6.3.1/../../../../arm-none-eabi/lib/thumb/v7e-m/fpv5-sp/hard\libc_nano.a(lib_a-memcpy-stub.o)
 .ARM.attributes
                0x00000470       0x34 c:/ac6/systemworkbench/plugins/fr.ac6.mcu.externaltools.arm-none.win32_1.15.0.201708311556/tools/compiler/bin/../lib/gcc/arm-none-eabi/6.3.1/../../../../arm-none-eabi/lib/thumb/v7e-m/fpv5-sp/hard\libc_nano.a(lib_a-vsnprintf.o)
 .ARM.attributes
                0x000004a4       0x34 c:/ac6/systemworkbench/plugins/fr.ac6.mcu.externaltools.arm-none.win32_1.15.0.201708311556/tools/compiler/bin/../lib/gcc/arm-none-eabi/6.3.1/../../../../arm-none-eabi/lib/thumb/v7e-m/fpv5-sp/hard\libc_nano.a(lib_a-nano-svfprintf.o)
 .ARM.attributes
                0x000004d8       0x34 c:/ac6/systemworkbench/plugins/fr.ac6.mcu.externaltools.arm-none.win32_1.15.0.201708311556/tools/compiler/bin/../lib/gcc/arm-none-eabi/6.3.1/../../../../arm-none-eabi/lib/thumb/v7e-m/fpv5-sp/hard\libc_nano.a(lib_a-nano-vfprintf_i.o)
 .ARM.attributes
                0x0000050c       0x20 c:/ac6/systemworkbench/plugins/fr.ac6.mcu.externaltools.arm-none.win32_1.15.0.201708311556/tools/compiler/bin/../lib/gcc/arm-none-eabi/6.3.1/../../../../arm-none-eabi/lib/thumb/v7e-m/fpv5-sp/hard\libc_nano.a(lib_a-memchr.o)
 .ARM.attributes
                0x0000052c       0x34 c:/ac6/systemworkbench/plugins/fr.ac6.mcu.externaltools.arm-none.win32_1.15.0.201708311556/tools/compiler/bin/../lib/gcc/arm-none-eabi/6.3.1/../../../../arm-none-eabi/lib/thumb/v7e-m/fpv5-sp/hard\libc_nano.a(lib_a-memmove.o)
 .ARM.attributes
                0x00000560       0x34 c:/ac6/systemworkbench/plugins/fr.ac6.mcu.externaltools.arm-none.win32_1.15.0.201708311556/tools/compiler/bin/../lib/gcc/arm-none-eabi/6.3.1/../../../../arm-none-eabi/lib/thumb/v7e-m/fpv5-sp/hard\libc_nano.a(lib_a-nano-freer.o)
 .ARM.attributes
                0x00000594       0x34 c:/ac6/systemworkbench/plugins/fr.ac6.mcu.externaltools.arm-none.win32_1.15.0.201708311556/tools/compiler/bin/../lib/gcc/arm-none-eabi/6.3.1/../../../../arm-none-eabi/lib/thumb/v7e-m/fpv5-sp/hard\libc_nano.a(lib_a-nano-mallocr.o)
 .ARM.attributes
                0x000005c8       0x34 c:/ac6/systemworkbench/plugins/fr.ac6.mcu.externaltools.arm-none.win32_1.15.0.201708311556/tools/compiler/bin/../lib/gcc/arm-none-eabi/6.3.1/../../../../arm-none-eabi/lib/thumb/v7e-m/fpv5-sp/hard\libc_nano.a(lib_a-nano-reallocr.o)
 .ARM.attributes
                0x000005fc       0x34 c:/ac6/systemworkbench/plugins/fr.ac6.mcu.externaltools.arm-none.win32_1.15.0.201708311556/tools/compiler/bin/../lib/gcc/arm-none-eabi/6.3.1/../../../../arm-none-eabi/lib/thumb/v7e-m/fpv5-sp/hard\libc_nano.a(lib_a-sbrkr.o)
 .ARM.attributes
                0x00000630       0x34 c:/ac6/systemworkbench/plugins/fr.ac6.mcu.externaltools.arm-none.win32_1.15.0.201708311556/tools/compiler/bin/../lib/gcc/arm-none-eabi/6.3.1/../../../../arm-none-eabi/lib/thumb/v7e-m/fpv5-sp/hard\libc_nano.a(lib_a-mlock.o)
 .ARM.attributes
                0x00000664       0x34 c:/ac6/systemworkbench/plugins/fr.ac6.mcu.externaltools.arm-none.win32_1.15.0.201708311556/tools/compiler/bin/../lib/gcc/arm-none-eabi/6.3.1/../../../../arm-none-eabi/lib/thumb/v7e-m/fpv5-sp/hard\libc_nano.a(lib_a-nano-msizer.o)
 .ARM.attributes
                0x00000698       0x34 c:/ac6/systemworkbench/plugins/fr.ac6.mcu.externaltools.arm-none.win32_1.15.0.201708311556/tools/compiler/bin/../lib/gcc/arm-none-eabi/6.3.1/../../../../arm-none-eabi/lib/thumb/v7e-m/fpv5-sp/hard\libc_nano.a(lib_a-reent.o)
 .ARM.attributes
                0x000006cc       0x34 c:/ac6/systemworkbench/plugins/fr.ac6.mcu.externaltools.arm-none.win32_1.15.0.201708311556/tools/compiler/bin/../lib/gcc/arm-none-eabi/6.3.1/../../../../arm-none-eabi/lib/thumb/v7e-m/fpv5-sp/hard\libnosys.a(sbrk.o)
 .ARM.attributes
                0x00000700       0x22 c:/ac6/systemworkbench/plugins/fr.ac6.mcu.externaltools.arm-none.win32_1.15.0.201708311556/tools/compiler/bin/../lib/gcc/arm-none-eabi/6.3.1/thumb/v7e-m/fpv5-sp/hard/crtn.o
OUTPUT(ElechouseSimpleVR.elf elf32-littlearm)

.debug_info     0x00000000    0x11855
 .debug_info    0x00000000     0x12aa Drivers/STM32F7xx_HAL_Driver/Src/stm32f7xx_hal.o
 .debug_info    0x000012aa     0x1c11 Drivers/STM32F7xx_HAL_Driver/Src/stm32f7xx_hal_cortex.o
 .debug_info    0x00002ebb     0x1483 Drivers/STM32F7xx_HAL_Driver/Src/stm32f7xx_hal_dma.o
 .debug_info    0x0000433e     0x112a Drivers/STM32F7xx_HAL_Driver/Src/stm32f7xx_hal_gpio.o
 .debug_info    0x00005468     0x15b0 Drivers/STM32F7xx_HAL_Driver/Src/stm32f7xx_hal_rcc.o
 .debug_info    0x00006a18     0x15a9 Drivers/STM32F7xx_HAL_Driver/Src/stm32f7xx_hal_rcc_ex.o
 .debug_info    0x00007fc1     0x23f6 Drivers/STM32F7xx_HAL_Driver/Src/stm32f7xx_hal_uart.o
 .debug_info    0x0000a3b7      0xf64 Src/gpio.o
 .debug_info    0x0000b31b     0x19ab Src/main.o
 .debug_info    0x0000ccc6      0xcd5 Src/stm32f7xx_hal_msp.o
 .debug_info    0x0000d99b      0xf24 Src/stm32f7xx_it.o
 .debug_info    0x0000e8bf      0xf19 Src/system_stm32f7xx.o
 .debug_info    0x0000f7d8     0x1fea Src/usart.o
 .debug_info    0x000117c2       0x93 startup/startup_stm32f746xx.o

.debug_abbrev   0x00000000     0x2423
 .debug_abbrev  0x00000000      0x2e3 Drivers/STM32F7xx_HAL_Driver/Src/stm32f7xx_hal.o
 .debug_abbrev  0x000002e3      0x3ef Drivers/STM32F7xx_HAL_Driver/Src/stm32f7xx_hal_cortex.o
 .debug_abbrev  0x000006d2      0x339 Drivers/STM32F7xx_HAL_Driver/Src/stm32f7xx_hal_dma.o
 .debug_abbrev  0x00000a0b      0x2dc Drivers/STM32F7xx_HAL_Driver/Src/stm32f7xx_hal_gpio.o
 .debug_abbrev  0x00000ce7      0x310 Drivers/STM32F7xx_HAL_Driver/Src/stm32f7xx_hal_rcc.o
 .debug_abbrev  0x00000ff7      0x2d1 Drivers/STM32F7xx_HAL_Driver/Src/stm32f7xx_hal_rcc_ex.o
 .debug_abbrev  0x000012c8      0x312 Drivers/STM32F7xx_HAL_Driver/Src/stm32f7xx_hal_uart.o
 .debug_abbrev  0x000015da      0x229 Src/gpio.o
 .debug_abbrev  0x00001803      0x279 Src/main.o
 .debug_abbrev  0x00001a7c      0x209 Src/stm32f7xx_hal_msp.o
 .debug_abbrev  0x00001c85      0x207 Src/stm32f7xx_it.o
 .debug_abbrev  0x00001e8c      0x212 Src/system_stm32f7xx.o
 .debug_abbrev  0x0000209e      0x373 Src/usart.o
 .debug_abbrev  0x00002411       0x12 startup/startup_stm32f746xx.o

.debug_loc      0x00000000     0x3f60
 .debug_loc     0x00000000       0xe0 Drivers/STM32F7xx_HAL_Driver/Src/stm32f7xx_hal.o
 .debug_loc     0x000000e0      0x75c Drivers/STM32F7xx_HAL_Driver/Src/stm32f7xx_hal_cortex.o
 .debug_loc     0x0000083c      0xb58 Drivers/STM32F7xx_HAL_Driver/Src/stm32f7xx_hal_dma.o
 .debug_loc     0x00001394      0x59f Drivers/STM32F7xx_HAL_Driver/Src/stm32f7xx_hal_gpio.o
 .debug_loc     0x00001933      0x4a5 Drivers/STM32F7xx_HAL_Driver/Src/stm32f7xx_hal_rcc.o
 .debug_loc     0x00001dd8      0x680 Drivers/STM32F7xx_HAL_Driver/Src/stm32f7xx_hal_rcc_ex.o
 .debug_loc     0x00002458     0x1730 Drivers/STM32F7xx_HAL_Driver/Src/stm32f7xx_hal_uart.o
 .debug_loc     0x00003b88      0x13e Src/system_stm32f7xx.o
 .debug_loc     0x00003cc6      0x29a Src/usart.o

.debug_aranges  0x00000000      0x658
 .debug_aranges
                0x00000000      0x100 Drivers/STM32F7xx_HAL_Driver/Src/stm32f7xx_hal.o
 .debug_aranges
                0x00000100       0xa8 Drivers/STM32F7xx_HAL_Driver/Src/stm32f7xx_hal_cortex.o
 .debug_aranges
                0x000001a8       0x90 Drivers/STM32F7xx_HAL_Driver/Src/stm32f7xx_hal_dma.o
 .debug_aranges
                0x00000238       0x58 Drivers/STM32F7xx_HAL_Driver/Src/stm32f7xx_hal_gpio.o
 .debug_aranges
                0x00000290       0x88 Drivers/STM32F7xx_HAL_Driver/Src/stm32f7xx_hal_rcc.o
 .debug_aranges
                0x00000318       0x50 Drivers/STM32F7xx_HAL_Driver/Src/stm32f7xx_hal_rcc_ex.o
 .debug_aranges
                0x00000368      0x190 Drivers/STM32F7xx_HAL_Driver/Src/stm32f7xx_hal_uart.o
 .debug_aranges
                0x000004f8       0x20 Src/gpio.o
 .debug_aranges
                0x00000518       0x38 Src/main.o
 .debug_aranges
                0x00000550       0x20 Src/stm32f7xx_hal_msp.o
 .debug_aranges
                0x00000570       0x30 Src/stm32f7xx_it.o
 .debug_aranges
                0x000005a0       0x28 Src/system_stm32f7xx.o
 .debug_aranges
                0x000005c8       0x68 Src/usart.o
 .debug_aranges
                0x00000630       0x28 startup/startup_stm32f746xx.o

.debug_ranges   0x00000000      0x5e0
 .debug_ranges  0x00000000       0xf0 Drivers/STM32F7xx_HAL_Driver/Src/stm32f7xx_hal.o
 .debug_ranges  0x000000f0       0xf8 Drivers/STM32F7xx_HAL_Driver/Src/stm32f7xx_hal_cortex.o
 .debug_ranges  0x000001e8       0x80 Drivers/STM32F7xx_HAL_Driver/Src/stm32f7xx_hal_dma.o
 .debug_ranges  0x00000268       0x48 Drivers/STM32F7xx_HAL_Driver/Src/stm32f7xx_hal_gpio.o
 .debug_ranges  0x000002b0       0x78 Drivers/STM32F7xx_HAL_Driver/Src/stm32f7xx_hal_rcc.o
 .debug_ranges  0x00000328       0x40 Drivers/STM32F7xx_HAL_Driver/Src/stm32f7xx_hal_rcc_ex.o
 .debug_ranges  0x00000368      0x180 Drivers/STM32F7xx_HAL_Driver/Src/stm32f7xx_hal_uart.o
 .debug_ranges  0x000004e8       0x10 Src/gpio.o
 .debug_ranges  0x000004f8       0x28 Src/main.o
 .debug_ranges  0x00000520       0x10 Src/stm32f7xx_hal_msp.o
 .debug_ranges  0x00000530       0x20 Src/stm32f7xx_it.o
 .debug_ranges  0x00000550       0x18 Src/system_stm32f7xx.o
 .debug_ranges  0x00000568       0x58 Src/usart.o
 .debug_ranges  0x000005c0       0x20 startup/startup_stm32f746xx.o

.debug_macro    0x00000000    0x24d3c
 .debug_macro   0x00000000      0x33b Drivers/STM32F7xx_HAL_Driver/Src/stm32f7xx_hal.o
 .debug_macro   0x0000033b      0x8bc Drivers/STM32F7xx_HAL_Driver/Src/stm32f7xx_hal.o
 .debug_macro   0x00000bf7      0x14e Drivers/STM32F7xx_HAL_Driver/Src/stm32f7xx_hal.o
 .debug_macro   0x00000d45      0x180 Drivers/STM32F7xx_HAL_Driver/Src/stm32f7xx_hal.o
 .debug_macro   0x00000ec5       0x2e Drivers/STM32F7xx_HAL_Driver/Src/stm32f7xx_hal.o
 .debug_macro   0x00000ef3       0x3b Drivers/STM32F7xx_HAL_Driver/Src/stm32f7xx_hal.o
 .debug_macro   0x00000f2e       0x22 Drivers/STM32F7xx_HAL_Driver/Src/stm32f7xx_hal.o
 .debug_macro   0x00000f50       0x87 Drivers/STM32F7xx_HAL_Driver/Src/stm32f7xx_hal.o
 .debug_macro   0x00000fd7       0x51 Drivers/STM32F7xx_HAL_Driver/Src/stm32f7xx_hal.o
 .debug_macro   0x00001028       0xef Drivers/STM32F7xx_HAL_Driver/Src/stm32f7xx_hal.o
 .debug_macro   0x00001117       0x6a Drivers/STM32F7xx_HAL_Driver/Src/stm32f7xx_hal.o
 .debug_macro   0x00001181      0x1df Drivers/STM32F7xx_HAL_Driver/Src/stm32f7xx_hal.o
 .debug_macro   0x00001360       0x35 Drivers/STM32F7xx_HAL_Driver/Src/stm32f7xx_hal.o
 .debug_macro   0x00001395       0x50 Drivers/STM32F7xx_HAL_Driver/Src/stm32f7xx_hal.o
 .debug_macro   0x000013e5     0x1114 Drivers/STM32F7xx_HAL_Driver/Src/stm32f7xx_hal.o
 .debug_macro   0x000024f9    0x1875a Drivers/STM32F7xx_HAL_Driver/Src/stm32f7xx_hal.o
 .debug_macro   0x0001ac53       0x43 Drivers/STM32F7xx_HAL_Driver/Src/stm32f7xx_hal.o
 .debug_macro   0x0001ac96     0x35cf Drivers/STM32F7xx_HAL_Driver/Src/stm32f7xx_hal.o
 .debug_macro   0x0001e265       0x58 Drivers/STM32F7xx_HAL_Driver/Src/stm32f7xx_hal.o
 .debug_macro   0x0001e2bd       0x35 Drivers/STM32F7xx_HAL_Driver/Src/stm32f7xx_hal.o
 .debug_macro   0x0001e2f2       0x9c Drivers/STM32F7xx_HAL_Driver/Src/stm32f7xx_hal.o
 .debug_macro   0x0001e38e       0x16 Drivers/STM32F7xx_HAL_Driver/Src/stm32f7xx_hal.o
 .debug_macro   0x0001e3a4       0x97 Drivers/STM32F7xx_HAL_Driver/Src/stm32f7xx_hal.o
 .debug_macro   0x0001e43b      0x330 Drivers/STM32F7xx_HAL_Driver/Src/stm32f7xx_hal.o
 .debug_macro   0x0001e76b       0xfd Drivers/STM32F7xx_HAL_Driver/Src/stm32f7xx_hal.o
 .debug_macro   0x0001e868       0x10 Drivers/STM32F7xx_HAL_Driver/Src/stm32f7xx_hal.o
 .debug_macro   0x0001e878       0x58 Drivers/STM32F7xx_HAL_Driver/Src/stm32f7xx_hal.o
 .debug_macro   0x0001e8d0       0x1f Drivers/STM32F7xx_HAL_Driver/Src/stm32f7xx_hal.o
 .debug_macro   0x0001e8ef       0x43 Drivers/STM32F7xx_HAL_Driver/Src/stm32f7xx_hal.o
 .debug_macro   0x0001e932       0x20 Drivers/STM32F7xx_HAL_Driver/Src/stm32f7xx_hal.o
 .debug_macro   0x0001e952      0x187 Drivers/STM32F7xx_HAL_Driver/Src/stm32f7xx_hal.o
 .debug_macro   0x0001ead9       0x10 Drivers/STM32F7xx_HAL_Driver/Src/stm32f7xx_hal.o
 .debug_macro   0x0001eae9       0x1c Drivers/STM32F7xx_HAL_Driver/Src/stm32f7xx_hal.o
 .debug_macro   0x0001eb05       0x52 Drivers/STM32F7xx_HAL_Driver/Src/stm32f7xx_hal.o
 .debug_macro   0x0001eb57       0x40 Drivers/STM32F7xx_HAL_Driver/Src/stm32f7xx_hal.o
 .debug_macro   0x0001eb97       0x10 Drivers/STM32F7xx_HAL_Driver/Src/stm32f7xx_hal.o
 .debug_macro   0x0001eba7       0x40 Drivers/STM32F7xx_HAL_Driver/Src/stm32f7xx_hal.o
 .debug_macro   0x0001ebe7       0xd7 Drivers/STM32F7xx_HAL_Driver/Src/stm32f7xx_hal.o
 .debug_macro   0x0001ecbe       0x16 Drivers/STM32F7xx_HAL_Driver/Src/stm32f7xx_hal.o
 .debug_macro   0x0001ecd4      0x18b Drivers/STM32F7xx_HAL_Driver/Src/stm32f7xx_hal.o
 .debug_macro   0x0001ee5f       0x50 Drivers/STM32F7xx_HAL_Driver/Src/stm32f7xx_hal.o
 .debug_macro   0x0001eeaf     0x18ad Drivers/STM32F7xx_HAL_Driver/Src/stm32f7xx_hal.o
 .debug_macro   0x0002075c      0x6ca Drivers/STM32F7xx_HAL_Driver/Src/stm32f7xx_hal.o
 .debug_macro   0x00020e26      0x11e Drivers/STM32F7xx_HAL_Driver/Src/stm32f7xx_hal.o
 .debug_macro   0x00020f44      0x204 Drivers/STM32F7xx_HAL_Driver/Src/stm32f7xx_hal.o
 .debug_macro   0x00021148       0x27 Drivers/STM32F7xx_HAL_Driver/Src/stm32f7xx_hal.o
 .debug_macro   0x0002116f      0x24f Drivers/STM32F7xx_HAL_Driver/Src/stm32f7xx_hal.o
 .debug_macro   0x000213be       0x41 Drivers/STM32F7xx_HAL_Driver/Src/stm32f7xx_hal.o
 .debug_macro   0x000213ff       0x58 Drivers/STM32F7xx_HAL_Driver/Src/stm32f7xx_hal.o
 .debug_macro   0x00021457      0x23a Drivers/STM32F7xx_HAL_Driver/Src/stm32f7xx_hal.o
 .debug_macro   0x00021691      0x156 Drivers/STM32F7xx_HAL_Driver/Src/stm32f7xx_hal.o
 .debug_macro   0x000217e7      0x25d Drivers/STM32F7xx_HAL_Driver/Src/stm32f7xx_hal.o
 .debug_macro   0x00021a44       0x12 Drivers/STM32F7xx_HAL_Driver/Src/stm32f7xx_hal.o
 .debug_macro   0x00021a56      0x209 Drivers/STM32F7xx_HAL_Driver/Src/stm32f7xx_hal.o
 .debug_macro   0x00021c5f       0x5a Drivers/STM32F7xx_HAL_Driver/Src/stm32f7xx_hal.o
 .debug_macro   0x00021cb9       0x90 Drivers/STM32F7xx_HAL_Driver/Src/stm32f7xx_hal.o
 .debug_macro   0x00021d49      0x132 Drivers/STM32F7xx_HAL_Driver/Src/stm32f7xx_hal.o
 .debug_macro   0x00021e7b      0x10c Drivers/STM32F7xx_HAL_Driver/Src/stm32f7xx_hal.o
 .debug_macro   0x00021f87       0x35 Drivers/STM32F7xx_HAL_Driver/Src/stm32f7xx_hal.o
 .debug_macro   0x00021fbc      0x4e8 Drivers/STM32F7xx_HAL_Driver/Src/stm32f7xx_hal.o
 .debug_macro   0x000224a4       0x47 Drivers/STM32F7xx_HAL_Driver/Src/stm32f7xx_hal.o
 .debug_macro   0x000224eb      0x15e Drivers/STM32F7xx_HAL_Driver/Src/stm32f7xx_hal.o
 .debug_macro   0x00022649      0x317 Drivers/STM32F7xx_HAL_Driver/Src/stm32f7xx_hal_cortex.o
 .debug_macro   0x00022960      0x31e Drivers/STM32F7xx_HAL_Driver/Src/stm32f7xx_hal_dma.o
 .debug_macro   0x00022c7e      0x34f Drivers/STM32F7xx_HAL_Driver/Src/stm32f7xx_hal_gpio.o
 .debug_macro   0x00022fcd      0x33b Drivers/STM32F7xx_HAL_Driver/Src/stm32f7xx_hal_rcc.o
 .debug_macro   0x00023308      0x317 Drivers/STM32F7xx_HAL_Driver/Src/stm32f7xx_hal_rcc_ex.o
 .debug_macro   0x0002361f      0x31f Drivers/STM32F7xx_HAL_Driver/Src/stm32f7xx_hal_uart.o
 .debug_macro   0x0002393e      0x321 Src/gpio.o
 .debug_macro   0x00023c5f      0x32e Src/main.o
 .debug_macro   0x00023f8d       0x28 Src/main.o
 .debug_macro   0x00023fb5      0x317 Src/stm32f7xx_hal_msp.o
 .debug_macro   0x000242cc      0x321 Src/stm32f7xx_it.o
 .debug_macro   0x000245ed      0x31d Src/system_stm32f7xx.o
 .debug_macro   0x0002490a      0x363 Src/usart.o
 .debug_macro   0x00024c6d       0x22 Src/usart.o
 .debug_macro   0x00024c8f       0x4c Src/usart.o
 .debug_macro   0x00024cdb       0x16 Src/usart.o
 .debug_macro   0x00024cf1       0x35 Src/usart.o
 .debug_macro   0x00024d26       0x16 Src/usart.o

.debug_line     0x00000000     0x8e0b
 .debug_line    0x00000000      0xa70 Drivers/STM32F7xx_HAL_Driver/Src/stm32f7xx_hal.o
 .debug_line    0x00000a70      0xb08 Drivers/STM32F7xx_HAL_Driver/Src/stm32f7xx_hal_cortex.o
 .debug_line    0x00001578      0xcbe Drivers/STM32F7xx_HAL_Driver/Src/stm32f7xx_hal_dma.o
 .debug_line    0x00002236      0xaa5 Drivers/STM32F7xx_HAL_Driver/Src/stm32f7xx_hal_gpio.o
 .debug_line    0x00002cdb      0xbf5 Drivers/STM32F7xx_HAL_Driver/Src/stm32f7xx_hal_rcc.o
 .debug_line    0x000038d0      0xcc6 Drivers/STM32F7xx_HAL_Driver/Src/stm32f7xx_hal_rcc_ex.o
 .debug_line    0x00004596     0x1395 Drivers/STM32F7xx_HAL_Driver/Src/stm32f7xx_hal_uart.o
 .debug_line    0x0000592b      0x898 Src/gpio.o
 .debug_line    0x000061c3      0x8ac Src/main.o
 .debug_line    0x00006a6f      0x847 Src/stm32f7xx_hal_msp.o
 .debug_line    0x000072b6      0x870 Src/stm32f7xx_it.o
 .debug_line    0x00007b26      0x871 Src/system_stm32f7xx.o
 .debug_line    0x00008397      0x9f5 Src/usart.o
 .debug_line    0x00008d8c       0x7f startup/startup_stm32f746xx.o

.debug_str      0x00000000    0xdcaf4
 .debug_str     0x00000000    0xdaa24 Drivers/STM32F7xx_HAL_Driver/Src/stm32f7xx_hal.o
                              0xdae14 (size before relaxing)
 .debug_str     0x000daa24      0x478 Drivers/STM32F7xx_HAL_Driver/Src/stm32f7xx_hal_cortex.o
                              0xdae06 (size before relaxing)
 .debug_str     0x000dae9c      0x549 Drivers/STM32F7xx_HAL_Driver/Src/stm32f7xx_hal_dma.o
                              0xda7ef (size before relaxing)
 .debug_str     0x000db3e5      0x2bf Drivers/STM32F7xx_HAL_Driver/Src/stm32f7xx_hal_gpio.o
                              0xda67f (size before relaxing)
 .debug_str     0x000db6a4      0x3ad Drivers/STM32F7xx_HAL_Driver/Src/stm32f7xx_hal_rcc.o
                              0xda7e0 (size before relaxing)
 .debug_str     0x000dba51      0x39a Drivers/STM32F7xx_HAL_Driver/Src/stm32f7xx_hal_rcc_ex.o
                              0xda75a (size before relaxing)
 .debug_str     0x000dbdeb      0x83c Drivers/STM32F7xx_HAL_Driver/Src/stm32f7xx_hal_uart.o
                              0xdaeed (size before relaxing)
 .debug_str     0x000dc627       0x25 Src/gpio.o
                              0xda3f7 (size before relaxing)
 .debug_str     0x000dc64c      0x1b2 Src/main.o
                              0xdb3bf (size before relaxing)
 .debug_str     0x000dc7fe       0x1b Src/stm32f7xx_hal_msp.o
                              0xda7f1 (size before relaxing)
 .debug_str     0x000dc819       0x5c Src/stm32f7xx_it.o
                              0xda763 (size before relaxing)
 .debug_str     0x000dc875       0x5a Src/system_stm32f7xx.o
                              0xda496 (size before relaxing)
 .debug_str     0x000dc8cf      0x225 Src/usart.o
                              0xdb437 (size before relaxing)

.comment        0x00000000       0x7f
 .comment       0x00000000       0x7f Drivers/STM32F7xx_HAL_Driver/Src/stm32f7xx_hal.o
                                 0x80 (size before relaxing)
 .comment       0x0000007f       0x80 Drivers/STM32F7xx_HAL_Driver/Src/stm32f7xx_hal_cortex.o
 .comment       0x0000007f       0x80 Drivers/STM32F7xx_HAL_Driver/Src/stm32f7xx_hal_dma.o
 .comment       0x0000007f       0x80 Drivers/STM32F7xx_HAL_Driver/Src/stm32f7xx_hal_gpio.o
 .comment       0x0000007f       0x80 Drivers/STM32F7xx_HAL_Driver/Src/stm32f7xx_hal_rcc.o
 .comment       0x0000007f       0x80 Drivers/STM32F7xx_HAL_Driver/Src/stm32f7xx_hal_rcc_ex.o
 .comment       0x0000007f       0x80 Drivers/STM32F7xx_HAL_Driver/Src/stm32f7xx_hal_uart.o
 .comment       0x0000007f       0x80 Src/gpio.o
 .comment       0x0000007f       0x80 Src/main.o
 .comment       0x0000007f       0x80 Src/stm32f7xx_hal_msp.o
 .comment       0x0000007f       0x80 Src/stm32f7xx_it.o
 .comment       0x0000007f       0x80 Src/system_stm32f7xx.o
 .comment       0x0000007f       0x80 Src/usart.o

.debug_frame    0x00000000     0x1358
 .debug_frame   0x00000000      0x20c Drivers/STM32F7xx_HAL_Driver/Src/stm32f7xx_hal.o
 .debug_frame   0x0000020c      0x19c Drivers/STM32F7xx_HAL_Driver/Src/stm32f7xx_hal_cortex.o
 .debug_frame   0x000003a8      0x190 Drivers/STM32F7xx_HAL_Driver/Src/stm32f7xx_hal_dma.o
 .debug_frame   0x00000538       0xfc Drivers/STM32F7xx_HAL_Driver/Src/stm32f7xx_hal_gpio.o
 .debug_frame   0x00000634      0x184 Drivers/STM32F7xx_HAL_Driver/Src/stm32f7xx_hal_rcc.o
 .debug_frame   0x000007b8       0xcc Drivers/STM32F7xx_HAL_Driver/Src/stm32f7xx_hal_rcc_ex.o
 .debug_frame   0x00000884      0x4a0 Drivers/STM32F7xx_HAL_Driver/Src/stm32f7xx_hal_uart.o
 .debug_frame   0x00000d24       0x40 Src/gpio.o
 .debug_frame   0x00000d64       0x68 Src/main.o
 .debug_frame   0x00000dcc       0x28 Src/stm32f7xx_hal_msp.o
 .debug_frame   0x00000df4       0x58 Src/stm32f7xx_it.o
 .debug_frame   0x00000e4c       0x3c Src/system_stm32f7xx.o
 .debug_frame   0x00000e88      0x120 Src/usart.o
 .debug_frame   0x00000fa8       0x2c c:/ac6/systemworkbench/plugins/fr.ac6.mcu.externaltools.arm-none.win32_1.15.0.201708311556/tools/compiler/bin/../lib/gcc/arm-none-eabi/6.3.1/thumb/v7e-m/fpv5-sp/hard\libgcc.a(_aeabi_uldivmod.o)
 .debug_frame   0x00000fd4       0x34 c:/ac6/systemworkbench/plugins/fr.ac6.mcu.externaltools.arm-none.win32_1.15.0.201708311556/tools/compiler/bin/../lib/gcc/arm-none-eabi/6.3.1/thumb/v7e-m/fpv5-sp/hard\libgcc.a(_udivmoddi4.o)
 .debug_frame   0x00001008       0x2c c:/ac6/systemworkbench/plugins/fr.ac6.mcu.externaltools.arm-none.win32_1.15.0.201708311556/tools/compiler/bin/../lib/gcc/arm-none-eabi/6.3.1/../../../../arm-none-eabi/lib/thumb/v7e-m/fpv5-sp/hard\libc_nano.a(lib_a-init.o)
 .debug_frame   0x00001034       0x28 c:/ac6/systemworkbench/plugins/fr.ac6.mcu.externaltools.arm-none.win32_1.15.0.201708311556/tools/compiler/bin/../lib/gcc/arm-none-eabi/6.3.1/../../../../arm-none-eabi/lib/thumb/v7e-m/fpv5-sp/hard\libc_nano.a(lib_a-memcpy-stub.o)
 .debug_frame   0x0000105c       0x4c c:/ac6/systemworkbench/plugins/fr.ac6.mcu.externaltools.arm-none.win32_1.15.0.201708311556/tools/compiler/bin/../lib/gcc/arm-none-eabi/6.3.1/../../../../arm-none-eabi/lib/thumb/v7e-m/fpv5-sp/hard\libc_nano.a(lib_a-vsnprintf.o)
 .debug_frame   0x000010a8       0x90 c:/ac6/systemworkbench/plugins/fr.ac6.mcu.externaltools.arm-none.win32_1.15.0.201708311556/tools/compiler/bin/../lib/gcc/arm-none-eabi/6.3.1/../../../../arm-none-eabi/lib/thumb/v7e-m/fpv5-sp/hard\libc_nano.a(lib_a-nano-svfprintf.o)
 .debug_frame   0x00001138       0x60 c:/ac6/systemworkbench/plugins/fr.ac6.mcu.externaltools.arm-none.win32_1.15.0.201708311556/tools/compiler/bin/../lib/gcc/arm-none-eabi/6.3.1/../../../../arm-none-eabi/lib/thumb/v7e-m/fpv5-sp/hard\libc_nano.a(lib_a-nano-vfprintf_i.o)
 .debug_frame   0x00001198       0x28 c:/ac6/systemworkbench/plugins/fr.ac6.mcu.externaltools.arm-none.win32_1.15.0.201708311556/tools/compiler/bin/../lib/gcc/arm-none-eabi/6.3.1/../../../../arm-none-eabi/lib/thumb/v7e-m/fpv5-sp/hard\libc_nano.a(lib_a-memmove.o)
 .debug_frame   0x000011c0       0x38 c:/ac6/systemworkbench/plugins/fr.ac6.mcu.externaltools.arm-none.win32_1.15.0.201708311556/tools/compiler/bin/../lib/gcc/arm-none-eabi/6.3.1/../../../../arm-none-eabi/lib/thumb/v7e-m/fpv5-sp/hard\libc_nano.a(lib_a-nano-freer.o)
 .debug_frame   0x000011f8       0x2c c:/ac6/systemworkbench/plugins/fr.ac6.mcu.externaltools.arm-none.win32_1.15.0.201708311556/tools/compiler/bin/../lib/gcc/arm-none-eabi/6.3.1/../../../../arm-none-eabi/lib/thumb/v7e-m/fpv5-sp/hard\libc_nano.a(lib_a-nano-mallocr.o)
 .debug_frame   0x00001224       0x3c c:/ac6/systemworkbench/plugins/fr.ac6.mcu.externaltools.arm-none.win32_1.15.0.201708311556/tools/compiler/bin/../lib/gcc/arm-none-eabi/6.3.1/../../../../arm-none-eabi/lib/thumb/v7e-m/fpv5-sp/hard\libc_nano.a(lib_a-nano-reallocr.o)
 .debug_frame   0x00001260       0x2c c:/ac6/systemworkbench/plugins/fr.ac6.mcu.externaltools.arm-none.win32_1.15.0.201708311556/tools/compiler/bin/../lib/gcc/arm-none-eabi/6.3.1/../../../../arm-none-eabi/lib/thumb/v7e-m/fpv5-sp/hard\libc_nano.a(lib_a-sbrkr.o)
 .debug_frame   0x0000128c       0x30 c:/ac6/systemworkbench/plugins/fr.ac6.mcu.externaltools.arm-none.win32_1.15.0.201708311556/tools/compiler/bin/../lib/gcc/arm-none-eabi/6.3.1/../../../../arm-none-eabi/lib/thumb/v7e-m/fpv5-sp/hard\libc_nano.a(lib_a-mlock.o)
 .debug_frame   0x000012bc       0x20 c:/ac6/systemworkbench/plugins/fr.ac6.mcu.externaltools.arm-none.win32_1.15.0.201708311556/tools/compiler/bin/../lib/gcc/arm-none-eabi/6.3.1/../../../../arm-none-eabi/lib/thumb/v7e-m/fpv5-sp/hard\libc_nano.a(lib_a-nano-msizer.o)
 .debug_frame   0x000012dc       0x5c c:/ac6/systemworkbench/plugins/fr.ac6.mcu.externaltools.arm-none.win32_1.15.0.201708311556/tools/compiler/bin/../lib/gcc/arm-none-eabi/6.3.1/../../../../arm-none-eabi/lib/thumb/v7e-m/fpv5-sp/hard\libc_nano.a(lib_a-reent.o)
 .debug_frame   0x00001338       0x20 c:/ac6/systemworkbench/plugins/fr.ac6.mcu.externaltools.arm-none.win32_1.15.0.201708311556/tools/compiler/bin/../lib/gcc/arm-none-eabi/6.3.1/../../../../arm-none-eabi/lib/thumb/v7e-m/fpv5-sp/hard\libnosys.a(sbrk.o)
